BL51 BANKED LINKER/LOCATER V6.22                                                        05/15/2019  23:33:35  PAGE 1


BL51 BANKED LINKER/LOCATER V6.22, INVOKED BY:
D:\KEIL\C51\BIN\BL51.EXE STARTUP.obj, test1.obj, GSM.obj, RC522.obj TO test1


MEMORY MODEL: SMALL


INPUT MODULES INCLUDED:
  STARTUP.obj (?C_STARTUP)
  test1.obj (TEST1)
  GSM.obj (GSM)
  RC522.obj (RC522)
  D:\KEIL\C51\LIB\C51S.LIB (?C_INIT)
  D:\KEIL\C51\LIB\C51S.LIB (?C?CLDPTR)
  D:\KEIL\C51\LIB\C51S.LIB (?C?CLDOPTR)
  D:\KEIL\C51\LIB\C51S.LIB (?C?CSTPTR)
  D:\KEIL\C51\LIB\C51S.LIB (?C?CSTOPTR)
  D:\KEIL\C51\LIB\C51S.LIB (?C?ISTPTR)
  D:\KEIL\C51\LIB\C51S.LIB (?C?SLCMP)
  D:\KEIL\C51\LIB\C51S.LIB (STRLEN)
  D:\KEIL\C51\LIB\C51S.LIB (STRSTR)


LINK MAP OF MODULE:  test1 (?C_STARTUP)


            TYPE    BASE      LENGTH    RELOCATION   SEGMENT NAME
            -----------------------------------------------------

            * * * * * * *   D A T A   M E M O R Y   * * * * * * *
            REG     0000H     0008H     ABSOLUTE     "REG BANK 0"
            DATA    0008H     001CH     UNIT         ?DT?TEST1
            DATA    0024H     001AH     UNIT         _DATA_GROUP_
            DATA    003EH     0017H     UNIT         ?DT?_PCDWRITE?RC522
            DATA    0055H     0015H     UNIT         ?DT?PCDHALT?RC522
            IDATA   006AH     0001H     UNIT         ?STACK

            * * * * * * *  X D A T A   M E M O R Y  * * * * * * *
            XDATA   0000H     0099H     UNIT         ?XD?TEST1
            XDATA   0099H     0017H     UNIT         _XDATA_GROUP_

            * * * * * * *   C O D E   M E M O R Y   * * * * * * *
            CODE    0000H     0003H     ABSOLUTE     
            CODE    0003H     0020H     UNIT         ?PR?_DELAY?TEST1
            CODE    0023H     0003H     ABSOLUTE     
            CODE    0026H     0206H     UNIT         ?PR?MAIN?TEST1
            CODE    022CH     018CH     UNIT         ?PR?_PCDCOMMF522?RC522
            CODE    03B8H     00BBH     UNIT         ?PR?_PCDANTICOLL?RC522
            CODE    0473H     00B8H     UNIT         ?PR?_PCDSELECT?RC522
            CODE    052BH     00B6H     UNIT         ?C_INITSEG
            CODE    05E1H     00AFH     UNIT         ?C?LIB_CODE
            CODE    0690H     00A8H     UNIT         ?PR?_PCDAUTHSTATE?RC522
            CODE    0738H     008DH     UNIT         ?PR?_PCDREAD?RC522
            CODE    07C5H     008CH     UNIT         ?C_C51STARTUP
            CODE    0851H     0082H     UNIT         ?PR?_STRSTR?STRSTR
            CODE    08D3H     007CH     UNIT         ?PR?_CALULATECRC?RC522
            CODE    094FH     007BH     UNIT         ?PR?_PCDREQUEST?RC522
            CODE    09CAH     007BH     UNIT         ?PR?_PCDWRITE?RC522
BL51 BANKED LINKER/LOCATER V6.22                                                      05/15/2019  23:33:35  PAGE 2


            CODE    0A45H     006DH     UNIT         ?PR?SYSTEM_INIT?TEST1
            CODE    0AB2H     006AH     UNIT         ?CO?TEST1
            CODE    0B1CH     004FH     UNIT         ?PR?PCDRESET?RC522
            CODE    0B6BH     0043H     UNIT         ?PR?_READRAWRC?RC522
            CODE    0BAEH     0040H     UNIT         ?PR?SERIAL_INTERRUPT?TEST1
            CODE    0BEEH     003FH     UNIT         ?PR?_WRITERAWRC?RC522
            CODE    0C2DH     003CH     UNIT         ?PR?_LCD1602_DELAY1MS?GSM
            CODE    0C69H     003AH     UNIT         ?PR?_DELAYSEC?GSM
            CODE    0CA3H     0039H     UNIT         ?PR?PCDHALT?RC522
            CODE    0CDCH     002DH     UNIT         ?PR?CLEAR_REC_DATA?TEST1
            CODE    0D09H     0026H     UNIT         ?PR?PCDANTENNAON?RC522
            CODE    0D2FH     0020H     UNIT         ?PR?LCDINIT?GSM
            CODE    0D4FH     001AH     UNIT         ?PR?_UART1SENDS?GSM
            CODE    0D69H     0016H     UNIT         ?PR?SERIALINTI?GSM
            CODE    0D7FH     0015H     UNIT         ?PR?_STRLEN?STRLEN
            CODE    0D94H     0012H     UNIT         ?PR?_CLEARBITMASK?RC522
            CODE    0DA6H     000DH     UNIT         ?PR?_SETBITMASK?RC522
            CODE    0DB3H     000AH     UNIT         ?PR?_LCDWRITECOM?GSM
            CODE    0DBDH     000AH     UNIT         ?PR?_LCDWRITEDATA?GSM
            CODE    0DC7H     0008H     UNIT         ?PR?_UART1SEND?GSM
            CODE    0DCFH     0007H     UNIT         ?PR?PCDANTENNAOFF?RC522



OVERLAY MAP OF MODULE:   test1 (?C_STARTUP)


SEGMENT                              DATA_GROUP          XDATA_GROUP
  +--> CALLED SEGMENT              START    LENGTH     START    LENGTH
----------------------------------------------------------------------
?C_C51STARTUP                      -----    -----      -----    -----
  +--> ?PR?MAIN?TEST1
  +--> ?C_INITSEG

?PR?MAIN?TEST1                     0024H    0001H      -----    -----
  +--> ?PR?LCDINIT?GSM
  +--> ?PR?SERIALINTI?GSM
  +--> ?PR?SYSTEM_INIT?TEST1
  +--> ?PR?PCDRESET?RC522
  +--> ?PR?PCDANTENNAOFF?RC522
  +--> ?PR?PCDANTENNAON?RC522
  +--> ?PR?_PCDREQUEST?RC522
  +--> ?PR?_PCDANTICOLL?RC522
  +--> ?PR?_PCDSELECT?RC522
  +--> ?CO?TEST1
  +--> ?PR?_PCDAUTHSTATE?RC522
  +--> ?PR?_PCDREAD?RC522
  +--> ?PR?_STRSTR?STRSTR
  +--> ?PR?_LCDWRITECOM?GSM
  +--> ?PR?_LCDWRITEDATA?GSM
  +--> ?PR?_LCD1602_DELAY1MS?GSM
  +--> ?PR?_DELAYSEC?GSM
  +--> ?PR?_UART1SENDS?GSM
  +--> ?PR?_UART1SEND?GSM
  +--> ?PR?CLEAR_REC_DATA?TEST1

?PR?LCDINIT?GSM                    -----    -----      -----    -----
BL51 BANKED LINKER/LOCATER V6.22                                                      05/15/2019  23:33:35  PAGE 3


  +--> ?PR?_LCD1602_DELAY1MS?GSM
  +--> ?PR?_LCDWRITECOM?GSM

?PR?_LCDWRITECOM?GSM               -----    -----      -----    -----
  +--> ?PR?_LCD1602_DELAY1MS?GSM

?PR?SYSTEM_INIT?TEST1              0025H    0001H      -----    -----
  +--> ?PR?_DELAYSEC?GSM
  +--> ?CO?TEST1
  +--> ?PR?_UART1SENDS?GSM
  +--> ?PR?CLEAR_REC_DATA?TEST1
  +--> ?PR?_LCDWRITECOM?GSM
  +--> ?PR?_LCDWRITEDATA?GSM
  +--> ?PR?_LCD1602_DELAY1MS?GSM

?PR?_DELAYSEC?GSM                  0026H    0004H      -----    -----

?PR?CLEAR_REC_DATA?TEST1           -----    -----      -----    -----
  +--> ?PR?_STRLEN?STRLEN

?PR?_LCDWRITEDATA?GSM              -----    -----      -----    -----
  +--> ?PR?_LCD1602_DELAY1MS?GSM

?PR?PCDRESET?RC522                 -----    -----      -----    -----
  +--> ?PR?_DELAY?TEST1
  +--> ?PR?_WRITERAWRC?RC522

?PR?PCDANTENNAOFF?RC522            -----    -----      -----    -----
  +--> ?PR?_CLEARBITMASK?RC522

?PR?_CLEARBITMASK?RC522            -----    -----      -----    -----
  +--> ?PR?_READRAWRC?RC522
  +--> ?PR?_WRITERAWRC?RC522

?PR?PCDANTENNAON?RC522             -----    -----      -----    -----
  +--> ?PR?_WRITERAWRC?RC522
  +--> ?PR?_DELAY?TEST1
  +--> ?PR?_READRAWRC?RC522
  +--> ?PR?_SETBITMASK?RC522

?PR?_SETBITMASK?RC522              -----    -----      -----    -----
  +--> ?PR?_READRAWRC?RC522
  +--> ?PR?_WRITERAWRC?RC522

?PR?_PCDREQUEST?RC522              0025H    0004H      0099H    0015H
  +--> ?PR?_CLEARBITMASK?RC522
  +--> ?PR?_WRITERAWRC?RC522
  +--> ?PR?_SETBITMASK?RC522
  +--> ?PR?_PCDCOMMF522?RC522

?PR?_PCDCOMMF522?RC522             002DH    0011H      -----    -----
  +--> ?PR?_WRITERAWRC?RC522
  +--> ?PR?_CLEARBITMASK?RC522
  +--> ?PR?_SETBITMASK?RC522
  +--> ?PR?_READRAWRC?RC522

?PR?_PCDANTICOLL?RC522             0025H    0003H      0099H    0017H
BL51 BANKED LINKER/LOCATER V6.22                                                      05/15/2019  23:33:35  PAGE 4


  +--> ?PR?_CLEARBITMASK?RC522
  +--> ?PR?_WRITERAWRC?RC522
  +--> ?PR?_PCDCOMMF522?RC522
  +--> ?PR?_SETBITMASK?RC522

?PR?_PCDSELECT?RC522               0025H    0003H      0099H    0016H
  +--> ?PR?_CALULATECRC?RC522
  +--> ?PR?_CLEARBITMASK?RC522
  +--> ?PR?_PCDCOMMF522?RC522

?PR?_CALULATECRC?RC522             0028H    0008H      -----    -----
  +--> ?PR?_CLEARBITMASK?RC522
  +--> ?PR?_WRITERAWRC?RC522
  +--> ?PR?_SETBITMASK?RC522
  +--> ?PR?_READRAWRC?RC522

?PR?_PCDAUTHSTATE?RC522            0025H    0008H      0099H    0016H
  +--> ?PR?_PCDCOMMF522?RC522
  +--> ?PR?_READRAWRC?RC522

?PR?_PCDREAD?RC522                 0025H    0003H      0099H    0016H
  +--> ?PR?_CALULATECRC?RC522
  +--> ?PR?_PCDCOMMF522?RC522

?PR?_STRSTR?STRSTR                 0025H    000CH      -----    -----



SYMBOL TABLE OF MODULE:  test1 (?C_STARTUP)

  VALUE           TYPE          NAME
  ----------------------------------

  -------         MODULE        ?C_STARTUP
  C:07C5H         SEGMENT       ?C_C51STARTUP
  I:006AH         SEGMENT       ?STACK
  C:0000H         PUBLIC        ?C_STARTUP
  D:00E0H         SYMBOL        ACC
  D:00F0H         SYMBOL        B
  D:0083H         SYMBOL        DPH
  D:0082H         SYMBOL        DPL
  N:0000H         SYMBOL        IBPSTACK
  N:0100H         SYMBOL        IBPSTACKTOP
  N:0080H         SYMBOL        IDATALEN
  C:07C8H         SYMBOL        IDATALOOP
  N:0000H         SYMBOL        PBPSTACK
  N:0100H         SYMBOL        PBPSTACKTOP
  N:0000H         SYMBOL        PDATALEN
  N:0000H         SYMBOL        PDATASTART
  N:0000H         SYMBOL        PPAGE
  N:0000H         SYMBOL        PPAGEENABLE
  D:00A0H         SYMBOL        PPAGE_SFR
  D:0081H         SYMBOL        SP
  C:07C5H         SYMBOL        STARTUP1
  N:0000H         SYMBOL        XBPSTACK
  N:0000H         SYMBOL        XBPSTACKTOP
  N:0000H         SYMBOL        XDATALEN
BL51 BANKED LINKER/LOCATER V6.22                                                      05/15/2019  23:33:35  PAGE 5


  N:0000H         SYMBOL        XDATASTART
  C:0000H         LINE#         126
  C:07C5H         LINE#         133
  C:07C7H         LINE#         134
  C:07C8H         LINE#         135
  C:07C9H         LINE#         136
  C:07CBH         LINE#         185
  C:07CEH         LINE#         196
  -------         ENDMOD        ?C_STARTUP

  -------         MODULE        TEST1
  C:0000H         SYMBOL        _ICE_DUMMY_
  C:0A45H         PUBLIC        System_Init
  D:0090H         PUBLIC        P1
  D:00A0H         PUBLIC        P2
  D:00B0H         PUBLIC        P3
  D:0008H         PUBLIC        ID_DATA
  X:0000H         PUBLIC        Buffer_Uart0_Rec
  D:00A8H         PUBLIC        IE
  D:00B8H         PUBLIC        IP
  B:0098H.0       PUBLIC        RI
  C:0CDCH         PUBLIC        clear_rec_data
  C:0026H         PUBLIC        main
  X:0064H         PUBLIC        open_MSG1
  D:0099H         PUBLIC        SBUF
  D:0098H         PUBLIC        SCON
  D:0088H         PUBLIC        TCON
  C:0BAEH         PUBLIC        Serial_interrupt
  X:006EH         PUBLIC        close_MSG
  X:007BH         PUBLIC        system_ok
  D:00C8H         PUBLIC        T2CON
  C:0003H         PUBLIC        _Delay
  B:0090H.0       PUBLIC        MOTOR_DRIVER0
  B:0090H.1       PUBLIC        MOTOR_DRIVER1
  C:0B16H         PUBLIC        DefaultKey
  D:000EH         PUBLIC        g_ucTempbuf
  D:0022H         PUBLIC        rec_data_len_uart
  D:00D0H         PUBLIC        PSW
  X:0086H         PUBLIC        open_MSG
  -------         PROC          CLEAR_REC_DATA
  -------         DO            
  D:0006H         SYMBOL        i
  D:0007H         SYMBOL        temp_len
  -------         ENDDO         
  C:0CDCH         LINE#         33
  C:0CDCH         LINE#         34
  C:0CDCH         LINE#         36
  C:0CE5H         LINE#         37
  C:0CEBH         LINE#         38
  C:0CEBH         LINE#         39
  C:0CEDH         LINE#         40
  C:0CEDH         LINE#         41
  C:0CF4H         LINE#         42
  C:0CF4H         LINE#         43
  C:0D00H         LINE#         44
  C:0D03H         LINE#         45
  C:0D08H         LINE#         46
BL51 BANKED LINKER/LOCATER V6.22                                                      05/15/2019  23:33:35  PAGE 6


  -------         ENDPROC       CLEAR_REC_DATA
  -------         PROC          SERIAL_INTERRUPT
  -------         DO            
  D:0007H         SYMBOL        temp_rec_data_uart0
  -------         ENDDO         
  C:0BAEH         LINE#         49
  C:0BBBH         LINE#         52
  C:0BBDH         LINE#         53
  C:0BBFH         LINE#         54
  C:0BCCH         LINE#         55
  C:0BD4H         LINE#         56
  C:0BDDH         LINE#         57
  C:0BDDH         LINE#         58
  C:0BE3H         LINE#         59
  C:0BE3H         LINE#         60
  -------         ENDPROC       SERIAL_INTERRUPT
  -------         PROC          SYSTEM_INIT
  -------         DO            
  D:0025H         SYMBOL        i
  -------         ENDDO         
  C:0A45H         LINE#         61
  C:0A45H         LINE#         62
  C:0A45H         LINE#         63
  C:0A48H         LINE#         64
  C:0A4EH         LINE#         65
  C:0A57H         LINE#         66
  C:0A5EH         LINE#         67
  C:0A67H         LINE#         68
  C:0A6EH         LINE#         69
  C:0A77H         LINE#         70
  C:0A7EH         LINE#         71
  C:0A87H         LINE#         72
  C:0A8EH         LINE#         73
  C:0A91H         LINE#         74
  C:0A96H         LINE#         75
  C:0AA5H         LINE#         76
  C:0AA5H         LINE#         77
  C:0AA8H         LINE#         78
  C:0AADH         LINE#         79
  C:0AAFH         LINE#         80
  C:0AB1H         LINE#         81
  -------         ENDPROC       SYSTEM_INIT
  -------         PROC          _DELAY
  D:0006H         SYMBOL        time
  -------         DO            
  D:0004H         SYMBOL        i
  D:0002H         SYMBOL        k
  -------         ENDDO         
  C:0003H         LINE#         83
  C:0003H         LINE#         84
  C:0003H         LINE#         86
  C:0006H         LINE#         87
  C:0010H         LINE#         88
  C:0022H         LINE#         89
  -------         ENDPROC       _DELAY
  -------         PROC          MAIN
  -------         DO            
BL51 BANKED LINKER/LOCATER V6.22                                                      05/15/2019  23:33:35  PAGE 7


  D:0024H         SYMBOL        x
  D:0007H         SYMBOL        status
  -------         ENDDO         
  C:0026H         LINE#         91
  C:0026H         LINE#         92
  C:0026H         LINE#         93
  C:0029H         LINE#         95
  C:002CH         LINE#         96
  C:002FH         LINE#         97
  C:0032H         LINE#         98
  C:0035H         LINE#         99
  C:0038H         LINE#         100
  C:003BH         LINE#         101
  C:003BH         LINE#         102
  C:003BH         LINE#         103
  C:0046H         LINE#         104
  C:004CH         LINE#         105
  C:004CH         LINE#         109
  C:0054H         LINE#         110
  C:005AH         LINE#         111
  C:005AH         LINE#         112
  C:0062H         LINE#         113
  C:0068H         LINE#         114
  C:0068H         LINE#         120
  C:007DH         LINE#         121
  C:0083H         LINE#         122
  C:0083H         LINE#         123
  C:008DH         LINE#         124
  C:0093H         LINE#         125
  C:0093H         LINE#         132
  C:00ACH         LINE#         133
  C:00ACH         LINE#         134
  C:00C6H         LINE#         135
  C:00CBH         LINE#         136
  C:00CBH         LINE#         137
  C:00CEH         LINE#         138
  C:00D1H         LINE#         139
  C:00D4H         LINE#         140
  C:00D4H         LINE#         141
  C:00E1H         LINE#         142
  C:00E1H         LINE#         143
  C:00E4H         LINE#         144
  C:00E7H         LINE#         145
  C:00E7H         LINE#         146
  C:00EEH         LINE#         147
  C:00EEH         LINE#         148
  C:00F1H         LINE#         149
  C:00F4H         LINE#         150
  C:00FCH         LINE#         151
  C:00FCH         LINE#         152
  C:0103H         LINE#         153
  C:0105H         LINE#         154
  C:0107H         LINE#         155
  C:0109H         LINE#         156
  C:0109H         LINE#         157
  C:010CH         LINE#         158
  C:0111H         LINE#         159
BL51 BANKED LINKER/LOCATER V6.22                                                      05/15/2019  23:33:35  PAGE 8


  C:011AH         LINE#         160
  C:011AH         LINE#         161
  C:011DH         LINE#         162
  C:0122H         LINE#         163
  C:0124H         LINE#         164
  C:0126H         LINE#         165
  C:0129H         LINE#         166
  C:012BH         LINE#         167
  C:012DH         LINE#         168
  C:0133H         LINE#         169
  C:0135H         LINE#         170
  C:0137H         LINE#         171
  C:0146H         LINE#         172
  C:0146H         LINE#         173
  C:0149H         LINE#         174
  C:014EH         LINE#         175
  C:0150H         LINE#         176
  C:0152H         LINE#         177
  C:0155H         LINE#         178
  C:015EH         LINE#         179
  C:0165H         LINE#         180
  C:016EH         LINE#         181
  C:0173H         LINE#         182
  C:0176H         LINE#         183
  C:017DH         LINE#         184
  C:0182H         LINE#         185
  C:0187H         LINE#         186
  C:0196H         LINE#         187
  C:0196H         LINE#         188
  C:0199H         LINE#         189
  C:019EH         LINE#         190
  C:01A0H         LINE#         191
  C:01A2H         LINE#         192
  C:01A5H         LINE#         193
  C:01A5H         LINE#         194
  C:01A5H         LINE#         195
  C:01A5H         LINE#         196
  C:01A5H         LINE#         197
  C:01A5H         LINE#         198
  C:01A5H         LINE#         199
  C:01BFH         LINE#         200
  C:01BFH         LINE#         201
  C:01C6H         LINE#         205
  C:01C8H         LINE#         206
  C:01CAH         LINE#         207
  C:01D1H         LINE#         208
  C:01D4H         LINE#         209
  C:01D6H         LINE#         210
  C:01D8H         LINE#         211
  C:01DDH         LINE#         212
  C:01ECH         LINE#         213
  C:01ECH         LINE#         214
  C:01EFH         LINE#         215
  C:01F4H         LINE#         216
  C:01F6H         LINE#         217
  C:01F8H         LINE#         218
  C:01FBH         LINE#         219
BL51 BANKED LINKER/LOCATER V6.22                                                      05/15/2019  23:33:35  PAGE 9


  C:0201H         LINE#         220
  C:0206H         LINE#         221
  C:020BH         LINE#         222
  C:021AH         LINE#         223
  C:021AH         LINE#         224
  C:021DH         LINE#         225
  C:0222H         LINE#         226
  C:0224H         LINE#         227
  C:0226H         LINE#         228
  C:0229H         LINE#         230
  C:0229H         LINE#         232
  -------         ENDPROC       MAIN
  -------         ENDMOD        TEST1

  -------         MODULE        GSM
  C:0000H         SYMBOL        _ICE_DUMMY_
  D:0080H         PUBLIC        P0
  D:0090H         PUBLIC        P1
  D:00A0H         PUBLIC        P2
  D:00B0H         PUBLIC        P3
  B:00A8H.7       PUBLIC        EA
  D:00A8H         PUBLIC        IE
  C:0C69H         PUBLIC        _DelaySec
  B:00A8H.4       PUBLIC        ES
  D:00B8H         PUBLIC        IP
  B:0098H.1       PUBLIC        TI
  C:0DBDH         PUBLIC        _LcdWriteData
  B:00A0H.1       PUBLIC        LCD1602_RS
  B:00A0H.2       PUBLIC        LCD1602_RW
  C:0D2FH         PUBLIC        LcdInit
  D:0099H         PUBLIC        SBUF
  D:0098H         PUBLIC        SCON
  D:0089H         PUBLIC        TMOD
  D:0088H         PUBLIC        TCON
  B:00A0H.0       PUBLIC        LCD1602_E
  C:0DB3H         PUBLIC        _LcdWriteCom
  C:0C3EH         PUBLIC        _Lcd1602_Delay1ms
  D:008DH         PUBLIC        TH1
  C:0D4FH         PUBLIC        _Uart1Sends
  B:0098H.7       PUBLIC        SM0
  B:0098H.6       PUBLIC        SM1
  D:008BH         PUBLIC        TL1
  B:0088H.6       PUBLIC        TR1
  C:0DC7H         PUBLIC        _Uart1Send
  B:0098H.4       PUBLIC        REN
  D:00C8H         PUBLIC        T2CON
  C:0D69H         PUBLIC        SerialInti
  D:00D0H         PUBLIC        PSW
  -------         PROC          L?0034
  -------         ENDPROC       L?0034
  -------         PROC          _LCD1602_DELAY1MS
  D:0006H         SYMBOL        c
  -------         DO            
  D:0002H         SYMBOL        a
  D:0004H         SYMBOL        b
  -------         ENDDO         
  C:0C3EH         LINE#         15
BL51 BANKED LINKER/LOCATER V6.22                                                      05/15/2019  23:33:35  PAGE 10


  C:0C3EH         LINE#         16
  C:0C3EH         LINE#         18
  C:0C47H         LINE#         19
  C:0C47H         LINE#         20
  C:0C4BH         LINE#         21
  C:0C4BH         LINE#         22
  C:0C58H         LINE#         23
  C:0C61H         LINE#         24
  C:0C68H         LINE#         26
  -------         ENDPROC       _LCD1602_DELAY1MS
  -------         PROC          _LCDWRITECOM
  D:0007H         SYMBOL        com
  C:0DB3H         LINE#         34
  C:0DB3H         LINE#         35
  C:0DB3H         LINE#         36
  C:0DB5H         LINE#         37
  C:0DB7H         LINE#         38
  C:0DB7H         LINE#         40
  C:0DB7H         LINE#         41
  C:0DB7H         LINE#         43
  C:0DB7H         LINE#         44
  C:0DBAH         LINE#         45
  C:0DBCH         LINE#         46
  -------         ENDPROC       _LCDWRITECOM
  -------         PROC          _LCDWRITEDATA
  D:0007H         SYMBOL        dat
  C:0DBDH         LINE#         54
  C:0DBDH         LINE#         55
  C:0DBDH         LINE#         56
  C:0DBFH         LINE#         57
  C:0DC1H         LINE#         58
  C:0DC1H         LINE#         60
  C:0DC1H         LINE#         61
  C:0DC1H         LINE#         63
  C:0DC1H         LINE#         64
  C:0DC4H         LINE#         65
  C:0DC6H         LINE#         66
  -------         ENDPROC       _LCDWRITEDATA
  -------         PROC          LCDINIT
  C:0D2FH         LINE#         74
  C:0D2FH         LINE#         75
  C:0D2FH         LINE#         76
  C:0D36H         LINE#         77
  C:0D3BH         LINE#         78
  C:0D40H         LINE#         79
  C:0D45H         LINE#         80
  C:0D4AH         LINE#         82
  -------         ENDPROC       LCDINIT
  -------         PROC          SERIALINTI
  C:0D69H         LINE#         95
  C:0D69H         LINE#         96
  C:0D69H         LINE#         97
  C:0D6CH         LINE#         98
  C:0D6FH         LINE#         99
  C:0D72H         LINE#         101
  C:0D74H         LINE#         102
  C:0D76H         LINE#         103
BL51 BANKED LINKER/LOCATER V6.22                                                      05/15/2019  23:33:35  PAGE 11


  C:0D78H         LINE#         104
  C:0D7AH         LINE#         105
  C:0D7CH         LINE#         106
  C:0D7EH         LINE#         107
  -------         ENDPROC       SERIALINTI
  -------         PROC          _UART1SEND
  D:0007H         SYMBOL        c
  C:0DC7H         LINE#         109
  C:0DC7H         LINE#         110
  C:0DC7H         LINE#         111
  C:0DC9H         LINE#         112
  C:0DCCH         LINE#         113
  C:0DCEH         LINE#         114
  -------         ENDPROC       _UART1SEND
  -------         PROC          _UART1SENDS
  D:0001H         SYMBOL        str
  C:0D4FH         LINE#         116
  C:0D4FH         LINE#         117
  C:0D4FH         LINE#         118
  C:0D51H         LINE#         119
  C:0D56H         LINE#         120
  C:0D56H         LINE#         121
  C:0D58H         LINE#         122
  C:0D5BH         LINE#         123
  C:0D5DH         LINE#         124
  C:0D64H         LINE#         125
  C:0D66H         LINE#         126
  C:0D68H         LINE#         127
  -------         ENDPROC       _UART1SENDS
  -------         PROC          _DELAYSEC
  D:0026H         SYMBOL        sec
  -------         DO            
  D:0028H         SYMBOL        i
  D:0082H         SYMBOL        j
  -------         ENDDO         
  C:0C69H         LINE#         129
  C:0C6DH         LINE#         130
  C:0C6DH         LINE#         131
  C:0C6DH         LINE#         132
  C:0C7DH         LINE#         133
  C:0C7DH         LINE#         134
  C:0C95H         LINE#         135
  C:0C95H         LINE#         136
  C:0C98H         LINE#         137
  C:0CA2H         LINE#         138
  -------         ENDPROC       _DELAYSEC
  -------         ENDMOD        GSM

  -------         MODULE        RC522
  C:0000H         SYMBOL        _ICE_DUMMY_
  C:0DCFH         PUBLIC        PcdAntennaOff
  D:0090H         PUBLIC        P1
  D:00A0H         PUBLIC        P2
  B:00A0H.7       PUBLIC        MF522_NSS
  D:00B0H         PUBLIC        P3
  C:094FH         PUBLIC        _PcdRequest
  B:00A0H.3       PUBLIC        MF522_RST
BL51 BANKED LINKER/LOCATER V6.22                                                      05/15/2019  23:33:35  PAGE 12


  C:08D9H         PUBLIC        _CalulateCRC
  D:00A8H         PUBLIC        IE
  C:0738H         PUBLIC        _PcdRead
  D:00B8H         PUBLIC        IP
  C:0D98H         PUBLIC        _ClearBitMask
  C:0B1CH         PUBLIC        PcdReset
  C:0D09H         PUBLIC        PcdAntennaOn
  C:0CA3H         PUBLIC        PcdHalt
  C:09CAH         PUBLIC        _PcdWrite
  B:00A0H.5       PUBLIC        MF522_SI
  B:00A0H.4       PUBLIC        MF522_SO
  C:0690H         PUBLIC        _PcdAuthState
  D:0098H         PUBLIC        SCON
  D:0088H         PUBLIC        TCON
  C:0B71H         PUBLIC        _ReadRawRC
  C:0BF2H         PUBLIC        _WriteRawRC
  C:03B8H         PUBLIC        _PcdAnticoll
  C:0DA6H         PUBLIC        _SetBitMask
  C:0246H         PUBLIC        _PcdComMF522
  D:00C8H         PUBLIC        T2CON
  B:00A0H.6       PUBLIC        MF522_SCK
  D:00D0H         PUBLIC        PSW
  C:0473H         PUBLIC        _PcdSelect
  -------         PROC          _PCDREQUEST
  D:0025H         SYMBOL        req_code
  D:0026H         SYMBOL        pTagType
  -------         DO            
  X:0099H         SYMBOL        status
  X:009AH         SYMBOL        unLen
  X:009CH         SYMBOL        ucComMF522Buf
  -------         ENDDO         
  C:094FH         LINE#         20
  C:0957H         LINE#         21
  C:0957H         LINE#         26
  C:095AH         LINE#         27
  C:0961H         LINE#         28
  C:0968H         LINE#         30
  C:096EH         LINE#         32
  C:0993H         LINE#         34
  C:099FH         LINE#         35
  C:099FH         LINE#         36
  C:09ACH         LINE#         37
  C:09BCH         LINE#         38
  C:09BEH         LINE#         40
  C:09C4H         LINE#         42
  C:09C9H         LINE#         43
  -------         ENDPROC       _PCDREQUEST
  -------         PROC          _PCDANTICOLL
  D:0025H         SYMBOL        pSnr
  -------         DO            
  X:0099H         SYMBOL        status
  X:009AH         SYMBOL        i
  X:009BH         SYMBOL        snr_check
  X:009CH         SYMBOL        unLen
  X:009EH         SYMBOL        ucComMF522Buf
  -------         ENDDO         
  C:03B8H         LINE#         50
BL51 BANKED LINKER/LOCATER V6.22                                                      05/15/2019  23:33:35  PAGE 13


  C:03BEH         LINE#         51
  C:03BEH         LINE#         53
  C:03C3H         LINE#         58
  C:03C6H         LINE#         59
  C:03CDH         LINE#         60
  C:03D4H         LINE#         62
  C:03DAH         LINE#         63
  C:03DEH         LINE#         65
  C:0403H         LINE#         67
  C:0405H         LINE#         68
  C:0405H         LINE#         69
  C:0411H         LINE#         70
  C:0411H         LINE#         71
  C:042BH         LINE#         72
  C:0442H         LINE#         73
  C:044AH         LINE#         74
  C:0460H         LINE#         75
  C:0466H         LINE#         76
  C:0466H         LINE#         78
  C:046DH         LINE#         79
  C:0472H         LINE#         80
  -------         ENDPROC       _PCDANTICOLL
  -------         PROC          _PCDSELECT
  D:0025H         SYMBOL        pSnr
  -------         DO            
  X:0099H         SYMBOL        status
  X:009AH         SYMBOL        i
  X:009BH         SYMBOL        unLen
  X:009DH         SYMBOL        ucComMF522Buf
  -------         ENDDO         
  C:0473H         LINE#         87
  C:0479H         LINE#         88
  C:0479H         LINE#         94
  C:047FH         LINE#         95
  C:0483H         LINE#         96
  C:0488H         LINE#         97
  C:0496H         LINE#         98
  C:0496H         LINE#         99
  C:04B3H         LINE#         100
  C:04C7H         LINE#         101
  C:04CFH         LINE#         102
  C:04E3H         LINE#         104
  C:04E6H         LINE#         106
  C:050BH         LINE#         108
  C:0519H         LINE#         109
  C:051FH         LINE#         111
  C:0525H         LINE#         113
  C:052AH         LINE#         114
  -------         ENDPROC       _PCDSELECT
  -------         PROC          _PCDAUTHSTATE
  D:0007H         SYMBOL        auth_mode
  D:0005H         SYMBOL        addr
  D:0027H         SYMBOL        pKey
  D:002AH         SYMBOL        pSnr
  -------         DO            
  X:0099H         SYMBOL        status
  X:009AH         SYMBOL        unLen
BL51 BANKED LINKER/LOCATER V6.22                                                      05/15/2019  23:33:35  PAGE 14


  X:009CH         SYMBOL        i
  X:009DH         SYMBOL        ucComMF522Buf
  -------         ENDDO         
  C:0690H         LINE#         126
  C:0696H         LINE#         127
  C:0696H         LINE#         132
  C:069BH         LINE#         133
  C:069EH         LINE#         134
  C:06A3H         LINE#         135
  C:06CDH         LINE#         136
  C:06D2H         LINE#         137
  C:06FCH         LINE#         141
  C:0721H         LINE#         142
  C:072CH         LINE#         143
  C:0732H         LINE#         145
  C:0737H         LINE#         146
  -------         ENDPROC       _PCDAUTHSTATE
  -------         PROC          _PCDREAD
  D:0007H         SYMBOL        addr
  D:0025H         SYMBOL        pData
  -------         DO            
  X:0099H         SYMBOL        status
  X:009AH         SYMBOL        unLen
  X:009CH         SYMBOL        i
  X:009DH         SYMBOL        ucComMF522Buf
  -------         ENDDO         
  C:0738H         LINE#         154
  C:073EH         LINE#         155
  C:073EH         LINE#         160
  C:0744H         LINE#         161
  C:0747H         LINE#         162
  C:075BH         LINE#         164
  C:0780H         LINE#         165
  C:078CH         LINE#         167
  C:078CH         LINE#         168
  C:0790H         LINE#         169
  C:07B9H         LINE#         170
  C:07B9H         LINE#         172
  C:07BFH         LINE#         174
  C:07C4H         LINE#         175
  -------         ENDPROC       _PCDREAD
  -------         PROC          _PCDWRITE
  D:0007H         SYMBOL        addr
  D:003EH         SYMBOL        pData
  -------         DO            
  D:0007H         SYMBOL        status
  D:0041H         SYMBOL        unLen
  D:0006H         SYMBOL        i
  D:0043H         SYMBOL        ucComMF522Buf
  -------         ENDDO         
  C:09CAH         LINE#         183
  C:09D0H         LINE#         184
  C:09D0H         LINE#         189
  C:09D3H         LINE#         190
  C:09D5H         LINE#         191
  C:09E3H         LINE#         193
  C:09E9H         LINE#         195
BL51 BANKED LINKER/LOCATER V6.22                                                      05/15/2019  23:33:35  PAGE 15


  C:09FCH         LINE#         196
  C:09FEH         LINE#         198
  C:0A01H         LINE#         199
  C:0A01H         LINE#         201
  C:0A02H         LINE#         202
  C:0A1BH         LINE#         203
  C:0A29H         LINE#         205
  C:0A2FH         LINE#         206
  C:0A42H         LINE#         207
  C:0A44H         LINE#         208
  C:0A44H         LINE#         210
  C:0A44H         LINE#         211
  -------         ENDPROC       _PCDWRITE
  -------         PROC          PCDHALT
  -------         DO            
  D:0055H         SYMBOL        status
  D:0056H         SYMBOL        unLen
  D:0058H         SYMBOL        ucComMF522Buf
  -------         ENDDO         
  C:0CA3H         LINE#         218
  C:0CA3H         LINE#         219
  C:0CA3H         LINE#         224
  C:0CA6H         LINE#         225
  C:0CA9H         LINE#         226
  C:0CBBH         LINE#         228
  C:0CD9H         LINE#         230
  C:0CDBH         LINE#         231
  -------         ENDPROC       PCDHALT
  -------         PROC          L?0114
  -------         ENDPROC       L?0114
  -------         PROC          _CALULATECRC
  D:0028H         SYMBOL        pIndata
  D:002BH         SYMBOL        len
  D:002CH         SYMBOL        pOutData
  -------         DO            
  D:002FH         SYMBOL        i
  D:0007H         SYMBOL        n
  -------         ENDDO         
  C:08D9H         LINE#         236
  C:08E1H         LINE#         237
  C:08E1H         LINE#         239
  C:08E8H         LINE#         240
  C:08EBH         LINE#         241
  C:08F2H         LINE#         242
  C:08FCH         LINE#         243
  C:0915H         LINE#         244
  C:091CH         LINE#         245
  C:091FH         LINE#         247
  C:091FH         LINE#         248
  C:0924H         LINE#         249
  C:0926H         LINE#         250
  C:0926H         LINE#         251
  C:092EH         LINE#         252
  C:093DH         LINE#         253
  -------         ENDPROC       _CALULATECRC
  -------         PROC          PCDRESET
  C:0B1CH         LINE#         260
BL51 BANKED LINKER/LOCATER V6.22                                                      05/15/2019  23:33:35  PAGE 16


  C:0B1CH         LINE#         261
  C:0B1CH         LINE#         262
  C:0B1EH         LINE#         263
  C:0B25H         LINE#         264
  C:0B27H         LINE#         265
  C:0B2EH         LINE#         266
  C:0B30H         LINE#         267
  C:0B37H         LINE#         268
  C:0B3EH         LINE#         269
  C:0B45H         LINE#         271
  C:0B4CH         LINE#         272
  C:0B53H         LINE#         273
  C:0B5AH         LINE#         274
  C:0B61H         LINE#         275
  C:0B68H         LINE#         277
  C:0B6AH         LINE#         278
  -------         ENDPROC       PCDRESET
  -------         PROC          L?0115
  -------         ENDPROC       L?0115
  -------         PROC          _READRAWRC
  D:0007H         SYMBOL        Address
  -------         DO            
  D:0005H         SYMBOL        i
  D:0007H         SYMBOL        ucAddr
  D:0006H         SYMBOL        ucResult
  -------         ENDDO         
  C:0B71H         LINE#         285
  C:0B71H         LINE#         286
  C:0B71H         LINE#         288
  C:0B73H         LINE#         290
  C:0B75H         LINE#         291
  C:0B77H         LINE#         292
  C:0B7FH         LINE#         294
  C:0B81H         LINE#         295
  C:0B81H         LINE#         296
  C:0B8BH         LINE#         297
  C:0B8DH         LINE#         298
  C:0B91H         LINE#         299
  C:0B93H         LINE#         300
  C:0B95H         LINE#         302
  C:0B97H         LINE#         303
  C:0B97H         LINE#         304
  C:0B99H         LINE#         305
  C:0B9DH         LINE#         306
  C:0BA3H         LINE#         307
  C:0BA5H         LINE#         308
  C:0BA7H         LINE#         310
  C:0BA9H         LINE#         311
  C:0BABH         LINE#         312
  C:0BADH         LINE#         313
  -------         ENDPROC       _READRAWRC
  C:0BEEH         SYMBOL        L?0113
  -------         PROC          L?0112
  -------         ENDPROC       L?0112
  C:0BEEH         SYMBOL        L?0113
  -------         PROC          _WRITERAWRC
  D:0007H         SYMBOL        Address
BL51 BANKED LINKER/LOCATER V6.22                                                      05/15/2019  23:33:35  PAGE 17


  D:0005H         SYMBOL        value
  -------         DO            
  D:0006H         SYMBOL        i
  D:0007H         SYMBOL        ucAddr
  -------         ENDDO         
  C:0BF2H         LINE#         320
  C:0BF2H         LINE#         321
  C:0BF2H         LINE#         324
  C:0BF4H         LINE#         325
  C:0BF6H         LINE#         326
  C:0BFCH         LINE#         328
  C:0BFEH         LINE#         329
  C:0BFEH         LINE#         330
  C:0C08H         LINE#         331
  C:0C0AH         LINE#         332
  C:0C0EH         LINE#         333
  C:0C10H         LINE#         334
  C:0C12H         LINE#         336
  C:0C14H         LINE#         337
  C:0C14H         LINE#         338
  C:0C1EH         LINE#         339
  C:0C20H         LINE#         340
  C:0C24H         LINE#         341
  C:0C26H         LINE#         342
  C:0C28H         LINE#         343
  C:0C2AH         LINE#         344
  C:0C2CH         LINE#         345
  -------         ENDPROC       _WRITERAWRC
  -------         PROC          _SETBITMASK
  D:0004H         SYMBOL        reg
  D:0003H         SYMBOL        mask
  -------         DO            
  D:0006H         SYMBOL        tmp
  -------         ENDDO         
  C:0DA6H         LINE#         351
  C:0DA6H         LINE#         352
  C:0DA6H         LINE#         353
  C:0DA6H         LINE#         354
  C:0DABH         LINE#         355
  -------         ENDPROC       _SETBITMASK
  C:0D94H         SYMBOL        L?0111
  -------         PROC          L?0110
  -------         ENDPROC       L?0110
  C:0D94H         SYMBOL        L?0111
  -------         PROC          _CLEARBITMASK
  D:0004H         SYMBOL        reg
  D:0003H         SYMBOL        mask
  -------         DO            
  D:0006H         SYMBOL        tmp
  -------         ENDDO         
  C:0D98H         LINE#         363
  C:0D98H         LINE#         364
  C:0D98H         LINE#         365
  C:0D98H         LINE#         366
  C:0D9DH         LINE#         367
  -------         ENDPROC       _CLEARBITMASK
  C:0242H         SYMBOL        L?0109
BL51 BANKED LINKER/LOCATER V6.22                                                      05/15/2019  23:33:35  PAGE 18


  -------         PROC          L?0108
  -------         ENDPROC       L?0108
  C:0242H         SYMBOL        L?0109
  -------         PROC          _PCDCOMMF522
  D:002DH         SYMBOL        Command
  D:002EH         SYMBOL        pInData
  D:0031H         SYMBOL        InLenByte
  D:0032H         SYMBOL        pOutData
  D:0035H         SYMBOL        pOutLenBit
  -------         DO            
  D:0038H         SYMBOL        status
  D:0039H         SYMBOL        irqEn
  D:003AH         SYMBOL        waitFor
  D:0005H         SYMBOL        lastBits
  D:003BH         SYMBOL        n
  D:003CH         SYMBOL        i
  -------         ENDDO         
  C:0246H         LINE#         378
  C:024EH         LINE#         383
  C:024EH         LINE#         384
  C:0251H         LINE#         385
  C:0254H         LINE#         386
  C:0256H         LINE#         390
  C:0260H         LINE#         391
  C:0260H         LINE#         392
  C:0260H         LINE#         393
  C:0263H         LINE#         394
  C:0266H         LINE#         395
  C:0268H         LINE#         396
  C:0268H         LINE#         397
  C:026BH         LINE#         398
  C:026EH         LINE#         399
  C:026EH         LINE#         400
  C:026EH         LINE#         401
  C:026EH         LINE#         402
  C:026EH         LINE#         404
  C:0278H         LINE#         405
  C:027FH         LINE#         406
  C:0282H         LINE#         407
  C:0289H         LINE#         409
  C:0299H         LINE#         410
  C:02B8H         LINE#         411
  C:02BFH         LINE#         414
  C:02C4H         LINE#         415
  C:02CBH         LINE#         417
  C:02D1H         LINE#         419
  C:02D1H         LINE#         420
  C:02D8H         LINE#         421
  C:02E0H         LINE#         422
  C:02E0H         LINE#         423
  C:02EFH         LINE#         424
  C:02F6H         LINE#         426
  C:02FFH         LINE#         427
  C:02FFH         LINE#         428
  C:030CH         LINE#         429
  C:030CH         LINE#         430
  C:030EH         LINE#         431
BL51 BANKED LINKER/LOCATER V6.22                                                      05/15/2019  23:33:35  PAGE 19


  C:0315H         LINE#         432
  C:0318H         LINE#         433
  C:0321H         LINE#         434
  C:0321H         LINE#         435
  C:0328H         LINE#         436
  C:0331H         LINE#         437
  C:0333H         LINE#         438
  C:0354H         LINE#         440
  C:0368H         LINE#         441
  C:036CH         LINE#         442
  C:036FH         LINE#         443
  C:0376H         LINE#         444
  C:0379H         LINE#         445
  C:0389H         LINE#         446
  C:03A8H         LINE#         447
  C:03A8H         LINE#         448
  C:03A8H         LINE#         450
  C:03ABH         LINE#         452
  C:03ABH         LINE#         455
  C:03B2H         LINE#         456
  C:03B5H         LINE#         457
  C:03B7H         LINE#         458
  -------         ENDPROC       _PCDCOMMF522
  -------         PROC          PCDANTENNAON
  -------         DO            
  D:0002H         SYMBOL        i
  -------         ENDDO         
  C:0D09H         LINE#         463
  C:0D09H         LINE#         464
  C:0D09H         LINE#         466
  C:0D10H         LINE#         467
  C:0D17H         LINE#         468
  C:0D1EH         LINE#         469
  C:0D23H         LINE#         470
  C:0D23H         LINE#         471
  C:0D2AH         LINE#         472
  C:0D2AH         LINE#         473
  -------         ENDPROC       PCDANTENNAON
  -------         PROC          PCDANTENNAOFF
  C:0DCFH         LINE#         480
  C:0DCFH         LINE#         481
  C:0DCFH         LINE#         482
  -------         ENDPROC       PCDANTENNAOFF
  -------         ENDMOD        RC522

  -------         MODULE        ?C?CLDPTR
  C:05E1H         PUBLIC        ?C?CLDPTR
  -------         ENDMOD        ?C?CLDPTR

  -------         MODULE        ?C?CLDOPTR
  C:05FAH         PUBLIC        ?C?CLDOPTR
  -------         ENDMOD        ?C?CLDOPTR

  -------         MODULE        ?C?CSTPTR
  C:0627H         PUBLIC        ?C?CSTPTR
  -------         ENDMOD        ?C?CSTPTR

BL51 BANKED LINKER/LOCATER V6.22                                                      05/15/2019  23:33:35  PAGE 20


  -------         MODULE        ?C?CSTOPTR
  C:0639H         PUBLIC        ?C?CSTOPTR
  -------         ENDMOD        ?C?CSTOPTR

  -------         MODULE        ?C?ISTPTR
  C:065BH         PUBLIC        ?C?ISTPTR
  -------         ENDMOD        ?C?ISTPTR

  -------         MODULE        ?C?SLCMP
  C:067AH         PUBLIC        ?C?SLCMP
  -------         ENDMOD        ?C?SLCMP

  -------         MODULE        STRLEN
  C:0D7FH         PUBLIC        _STRLEN
  -------         ENDMOD        STRLEN

  -------         MODULE        STRSTR
  D:0025H         PUBLIC        ?_strstr?BYTE
  C:0851H         PUBLIC        _strstr
  -------         ENDMOD        STRSTR

*** WARNING L16: UNCALLED SEGMENT, IGNORED FOR OVERLAY PROCESS
    SEGMENT: ?PR?_PCDWRITE?RC522

*** WARNING L16: UNCALLED SEGMENT, IGNORED FOR OVERLAY PROCESS
    SEGMENT: ?PR?PCDHALT?RC522

Program Size: data=107.0 xdata=176 code=3542
LINK/LOCATE RUN COMPLETE.  2 WARNING(S),  0 ERROR(S)
